
> pyro-planetary@1.1.80-beta build
> tsc -b && vite build

src/pages/ShopeePage.tsx(18,5): error TS6133: 'Zap' is declared but its value is never read.
src/pages/ShopeePage.tsx(36,7): error TS6133: 'CardInsightPreco' is declared but its value is never read.
